S1138000CE4000DF40CE1430DF44CE6000DF42BDFE
S113801080133EDE409F4035DE42D6459644DB4326
S11380209942D74397429C42270632A7000820F67C
S10F8030309E40DF407F00447F00453953
S9030000FC
