S1131000DC80DE82ED000909DF8238DF80EE006ECD
S113101000DE820808DF82EE000808DF80EE006E42
S113102000DE800808DF80EE006E003986666F728D
S11310307468BD102B81200000008464757000006A
S1131040383C3C7E10218564726F70103A387E10F3
S113105021866E64726F701046382705323209207B
S1131060F97E1021857377617010513832333C3723
S1131070367E1021857069636B10643233049F845B
S1131080D384DD84DE84EE003C7E1021856F76659A
S11310907210743233383C37363C7E102184726FC0
S11310A074108C38DF843832333CDE843C37367E2F
S11310B010218875736572766F63109DBD102B8146
S11310C02000001035C864757064726F701035BDEF
S11310D010001040104D10114C594220466F72748C
S10510E0682E74
S10510C110C554
S10D10E24C594220466F7274682EC8
S105103710B2F1
S9030000FC
