S1138000A5201865228520A5216523852160A90066
S11380108520852160242110FBA90038E5208520D6
S1138020A900E521852160A90038E5228522A9005F
S1138030E523852360A52038E5228520A521E523B5
S11380408521602C468060A52145238527242310A3
S113805003202780201580A9808525A900852485F3
S11380602646214620900B48A526186522852668B9
S113807065236A66266625662490E6052608A524F7
S11380808520A525852228D0BA242130B62427109E
S11380900320198060A5208524A5218526A90185B2
S11380A0200A852685278521A5220522F095062408
S11380B0262526262627A526C522A527E5239009B9
S11380C08527A526E5228526382620262190DF60EF
S11380D0A521452348242310032027802015802030
S11380E095806810034C198060A52148242310034F
S11380F0202780201580209580A5268520A527850A
S10B8100226810034C19806091
S9030000FC
