S1131000000000000000F610012718FE1002A600E0
S113101008FF1002FE1004A70008FF10045A26EB74
S1111020F710017D100027057A100020DE393C
S9030000FC
