S113FFF0F120F291F057F05BF16BF063F05FF09950
S113F0000A0D4D6F6E6974657572204C59422E005D
S113F0104572726575720045727265757220646519
S113F02020436865636B73756D004F564552464CBB
S113F0304F570A0D000A0D5357493A2053502020C8
S113F04020502020412042202058005339303330B2
S113F0503030304643003BDE806E00DE846E00DEDE
S113F060866E00CEF035BDF21B30EE05BDF230BD2C
S113F070F22830BDF230BDF228E600BDF238BDF210
S113F08028E602BDF238E601BDF238BDF228EE03EF
S113F090BDF230BDF2047EF37C8E00FFCEF056DF6D
S113F0A080DF84DF86DF824F9788978C978A978DDD
S113F0B0978BB69FCE818727044FB79FCFB49FCD40
S113F0C0848097898A07B79FCE0F8611970186F8A7
S113F0D0970086809702860197038603B7BFFE8652
S113F0E009B7BFFE979F861A9711D6028606C501F7
S113F0F0270286059710860597080ECEDFB0086FA5
S113F100008CDFFF26F8C50227037EF7397EF376ED
S113F110C680DA9F2004C67FD49FD79FF7BFFE39ED
S113F120968D4C16908C847F272ECEDF00C47F3AB8
S113F130D78DD611D612E7008160261B0EF69FCF1D
S113F140C54026058613BDF1F7F69FCFC5202707D6
S113F1500FD602CA20D7023B0FCEF02A9611852083
S113F16027FAA60027F197130820F1D68B5CC41F59
S113F17017908A841F27E1CE00A03AD78BB6BFFE32
S113F180B6BFFFA7003B8D0327FC39D68C17908DA3
S113F19040847F27F55CC47FDF8ECEDF003A810890
S113F1A0261BB69FCF854026058611BDF1F7B69F75
S113F1B0CF852027080F960284DF97020E0F7C006C
S113F1C08CA600DE8E202B0E0FC602F5BFFE27F79D
S113F1D0F6BFFEB7BFFF0E398D0327FC39D68A1759
S113F1E0908B841F27F65CC41FCE00A03A0FD78AE9
S113F1F0A6000EC6FF390F0EC620D51127F8D6116A
S113F20097130E39B69FCF2B04860A8DEA860D20FC
S113F210E686088DE28D11860820DCA60027E58DA0
S113F220D60820F7862D20CF862020CB863A20C70B
S113F230DF8ED68E8D02D68F37DB9ED79E32364434
S113F2404444448D0132840F8A30813A25028B076D
S113F25020A5BDF204F69FCE8620C187270286230F
S113F260BDF1F7CE9FC0B69FCA2BFBE6078DC98DB3
S113F270B3E6088DC38DADC6198DBDE6098DB98D74
S113F280A7E6048DB38DA5E6028DAD8D9FE6002023
S113F290A77C00889608DE0986089588260A968940
S113F2A02B0C86019A03200486FE94039703DE82C6
S113F2B06E00865CBDF1F7BDF204B6DFB0BDF1F7B8
S113F2C0CEDFB1BDF186811D27E881092604A600A1
S113F2D027F18108260B8CDFB127DCBDF211092050
S113F2E0E2810A27DE810D26056F007EF2048CDFA1
S113F2F0FF24D0BDF1F7A7000820C881612506814D
S113F3007A2202802039968984F89789A600812779
S113F31026247F0092A60197937C0089A602080800
S113F3207C0089D689C5702608C5062704DC92DDD1
S113F33090A6000820C5A600BDF2FBC604D5892608
S113F340DFBDF36724DA8607958926054F979297E0
S113F350937C00895858585886045879009379004A
S113F360924A26F60820CF16C030C1112403C10AE0
S113F37039C007C11039CEF000BDF21B8E00FF86E4
S113F3802AB7DFB0BDF2B7FEDFB18C41542605BD0C
S113F390F69420E8BDF39920E3CEDFB1DF96968999
S113F3A084809789DE96BDF306DF96CEF3CEA10066
S113F3B0270F6D00270508080820F3CEF0107EF211
S113F3C01BEE01D6891784809789AD0020D648F2B8
S113F3D05220F4583FF4E02EF44947F4B152F59C1E
S113F3E057F5153AF49A58F7393EF4A92BF44D2DF4
S113F3F0F4514DF4C33CF4D159F4BF3DF5064CF53A
S113F400F021F61500F4073232DE96098CDFB126BE
S113F41047DC90CA0FDD929691840F260BDE90BDD7
S113F420F204BDF230BDF224BDF228DE90DF94E692
S113F43000BDF238BDF43F25DE39DE9408DF94DCEC
S113F44090DE9008DF909392398610200686202063
S113F4500286409A899789391784889789C506272F
S113F460F6C508260AC5202619C540261B20AEDE8F
S113F470949693A700C5042705DC92ED000808DFE5
S113F4809439DC90D3922004DC909392DD90DD9249
S113F490DE90863DBDF1F77EF230CA08C48FD7896D
S113F4A0C5062704DC90DD9439DE94BDF2307EF28B
S113F4B02C867E978FFCDFAEFEDFACBD008F3FDE77
S113F4C0926E00DE90A600DE94A700BDF43A25F308
S113F4D039C5062704DC90DD94399691841F260BE8
S113F4E0DE90BDF204BDF230BDF224BDF228DE9000
S113F4F0DF94E60017C47FC1202402862EBDF1F7F5
S113F500BDF43F25D539C5102705DC92FDDFACDC01
S113F51090FDDFAE39DE90DC9293904D2604C10F4E
S113F5202502C60F5CD7988653BDF1F78631BDF12D
S113F530F77F009ED698CB03BDF238BDF230E600CB
S113F54008BDF2387A009826F5D69E53BDF238BD30
S113F550F20D09DF90BDF43F25BBCEF04B7EF21BCC
S113F5603232BDF3BBBDF186811D26F939BDF1866A
S113F570BDF36725F839BDF186BDF36724E2585819
S113F5805858D799BDF186BDF36724D4DA99179BEF
S113F5909E979E39BDF186BDF36725F8BDF186813E
S113F5A00A27F9810D27F5815326B7BDF186BDF3EE
S113F5B06724AF5D27DEC10927B37F009E8DB7C0E6
S113F5C003D79827CF8DAFD79A8DABD79BDE9A8D73
S113F5D0A59C9025069C922202E700087A009826B2
S113F5E0EE8D93D69E5327B4CEF017BDF21B20ACFC
S113F5F0C5102613C5062704DC90DD94861436BD99
S113F600F94B324A26F839DC90DD94BDF94BDC9491
S113F610939225F739C5062704DC90DD94DE94BD6A
S113F620F2308621B7DFB0BDF2BACEDFB008A60053
S113F630812027F9DF964D270FBDFA242505BDF952
S113F6404B20DABDF3BB20D57EF37C4552524F529A
S113F650004E4F20434F4E4E454354004F4B000D38
S113F6600A454E44204F4620434F4E4E454354498D
S113F6704F4E00536D6172744D6F64656D206E6FF3
S113F6806E20656E636F726520696D706C656D6563
S113F6906E746500CEF64BBDF21BCEF6737EF21B84
S113F6A04320436F6E6E6563746500417474656EC8
S113F6B07465206465206C6120706F727465757365
S113F6C06500960284BF8A809702CEF65C7EF21BA8
S113F6D0D688CB22860495022606D18824F8950282
S113F6E03986049502270ED688CB1995022706D1B0
S113F6F08824F89502390FBDF1100EBDF6E12633CA
S113F7008602B5BFFE2712BDF18B270DF69FCFC52C
S113F710042703BDF1F7BDF1C88620951127DCBD90
S113F720F1DD27D7F69FCFC5082703BDF1C8BDF18A
S113F730F720C80FBDF1160E398E00FF0F968A9779
S113F7408B0EBDF8C9CEF6ABBDF21BB69FCF0FD65C
S113F75002C4C785012702CA0885022702CA108588
S113F760042702C47FCA40D7020EBDF18B2704814F
S113F7701D2723BDF6D026F20FD602C47FD7020E72
S113F780C608864DD50226028642BDF1F7CEF6A004
S113F790BDF21BBDF6F6BDF6C27EF739810D27FC1E
S113F7A04D296F6E69746575722C205429657374C4
S113F7B02C20452963686F2C20442975706C65786A
S113F7C02C2056296974657373652C205029726F37
S113F7D0746F636F6C652C2043296F6E6E65637460
S113F7E0696F6E00586F6E2F586F66662020005246
S113F7F054532F4354532020200020205465737405
S113F800202020200020204E6F726D616C2020008B
S113F81048616C6620200046756C6C2020004563AE
S113F820686F206F6E202020004563686F206F662C
S113F83066202000A6002706BDF1F70820F63986C9
S113F8400CBDF1F7B69FCF44B89FCFCE120085010F
S113F8502703CE0075BDF230862FBDF1F7CE12001E
S113F860B69FCF85012603CE0075BDF230CEF7FAE0
S113F870B69FCF85022603CEF805BDF834CEF81026
S113F880B69FCF85042603CEF817BDF834CEF81EF4
S113F890B69FCF85082603CEF829BDF834CEF7E409
S113F8A0B69FCF85402603BDF834CEF7EFB69FCF81
S113F8B085202703BDF834BDF204CEF7A07EF21BE9
S113F8C0C5022702C4F7F79FCFBDF83FBDF186BD3F
S113F8D0F2FBF69FCF814D26037EF37681542604F6
S113F8E0C80220DC81442604C80420D481452604AF
S113F8F0C80820CC81502608CB2028C4C88020C04A
S113F9008156260CC4F3C801C50127B4CA0C20B023
S113F91081432704810D26B47EF204CEFD0D3AA660
S113F92000C18D2723C160251654545454C403CEFA
S113F930FE0D4D2A02CA043A847F2709E60039C421
S113F940F0C1202703C60139C67239DE94E600BD32
S113F950F91B979AD79BBDF991BDF96BBDF9C8D630
S113F9609BC403DE943ADF947EF204D69A4F0505D5
S113F970C3FB31DD8EDE8EC60437A600088A20BDA7
S113F980F1F7335A26F3C60337BDF228335A26F863
S113F99039DE94BDF230BDF224BDF228DE94E600D7
S113F9A0BDF238DE94969B8403C60A4A27174A2779
S113F9B00ABDF228EE01BDF2302008BDF986E60149
S113F9C0BDF238C6057EF988969B979A8172273ACC
S113F9D078009A24058623BDF1F778009A240586D9
S113F9E024BDF1F7DE9478009A2405E601BDF238CF
S113F9F078009A2405EE01BDF23078009A240A8634
S113FA002CBDF1F78658BDF1F7398624BDF1F7DE38
S113FA1094E6014F5D2A0143D394C30002DD8EDED8
S113FA208E7EF230BDFA9825235F37BDF91B939A79
S113FA302722335C26F4969B81E2260486D3201089
S113FA408162260486532008815327020D39867269
S113FA50979B20D633DE94E700969B8172270C8413
S113FA60038103271E810227140C39DC92830002D0
S113FA7093945D2A01434D26D3E7010C39D693E7CD
S113FA80010C39DC92ED010C39DF8EDE96A60008FC
S113FA90DF96BDF2FBDE8E398677979ADC96DD928F
S113FAA07A009A27A7D69A4F0505C3FB31DD8EDE6F
S113FAB08EA6002797DC92DD96C604A60081202737
S113FAC00E5D270BBDFA89A10026D5085A20EC7FCC
S113FAD0009BBDFA89812027F98123260986809A13
S113FAE09B979BBDFA8981242603BDFA89DE96097A
S113FAF0BDF306D6898601C50627088662C5042794
S113FB000286539A9B979B09A600812C261108A66E
S113FB1000BDF2FB8158261508969B8A0C979BA67C
S113FB200008812027F94D2706813B27020D390C57
S113FB30393F3F3F2053544141535441425354446D
S113FB402053545820535453204C4441414C444175
S113FB50424C4444204C4458204C44532042495481
S113FB604142495442434D5041434D504243505801
S113FB702041444441414444424144444453554255
S113FB804153554242535542444144434141444305
S113FB90425342434153424342454F5241454F52DF
S113FBA042414E4441414E44424F5241414F5241E1
S113FBB0424153522041535241415352424C5352B9
S113FBC0204C5352414C5352424C53524441534C97
S113FBD02041534C4141534C4241534C44494E43C0
S113FBE020494E4341494E4342494E5320494E58C1
S113FBF020444543204445434144454342444553FE
S113FC00204445582050534841505348425053488B
S113FC105850554C4150554C4250554C5853424104
S113FC20204342412041424120414258204D554CFD
S113FC30204252412042524E2042484920424C53D5
S113FC40204243432042435320424E4520424551E3
S113FC5020425643204256532042504C20424D49A4
S113FC602042474520424C542042475420424C45B0
S113FC7020425352204A5352204A4D502052544954
S113FC8020574149545357492052545320545354F4
S113FC90205453544154535442524F4C20524F4CCD
S113FCA041524F4C42524F5220524F5241524F52A6
S113FCB04254414220544241205441502054504126
S113FCC0205453582054585320444141204E454712
S113FCD0204E4547414E454742434F4D20434F4DEB
S113FCE041434F4D42434C5220434C5241434C52AA
S113FCF042434C562053455620434C4320534543DE
S113FD0020434C4920534549204E4F502000760053
S113FD1000262A62632F347071727374753B3C0041
S113FD2000000060610066003D00000000404142A8
S113FD30434445464748494A4B4C4D4E4F642E3840
S113FD4039336535363A563E53373F5455680000CB
S113FD506B24005E21285B31002C58006E69000082
S113FD606C25005F22295C32002D59006F6700006A
S113FD706A23005D20275A30002B57526D6700001C
S113FD806A23005D20275A30002B57526D130D183B
S113FD90951C0B06001A161E108F508A00130D189E
S113FDA0151C0B06011A161E100F510A05130D1807
S113FDB0151C0B06011A161E100F510A05130D18F7
S113FDC0151C0B06011A161E100F510A05140E19E4
S113FDD0921D0C07001B171F1188008900140E19AF
S113FDE0121D0C07021B171F1108030904140E1916
S113FDF0121D0C07021B171F1108030904140E1906
S113FE00121D0C07021B171F1108030904E2626E7E
S105FE1053D3C6
S9030000FC
