:104000008EDD8E23FD8E238F88898A8B8C8DCE2525
:10401000ED4AED5AED6AED7A86DD8623FD8623872B
:10402000808182838485C62509192939DD09DD1936
:10403000DD29DD39FD09FD19FD29FD39A6DDA623A0
:10404000FDA623A7A0A1A2A3A4A5E625CB46DDCB70
:104050002346FDCB2346CB47CB40CB41CB42CB4382
:10406000CB44CB45CB4EDDCB234EFDCB234ECB4FAC
:10407000CB48CB49CB4ACB4BCB4CCB4DCB56DDCBF6
:104080002356FDCB2356CB57CB50CB51CB52CB53E2
:10409000CB54CB55CB5EDDCB235EFDCB235ECB5F1C
:1040A000CB58CB59CB5ACB5BCB5CCB5DCB66DDCB56
:1040B0002366FDCB2366CB67CB60CB61CB62CB6342
:1040C000CB64CB65CB6EDDCB236EFDCB236ECB6F8C
:1040D000CB68CB69CB6ACB6BCB6CCB6DCB76DDCBB6
:1040E0002376FDCB2376CB77CB70CB71CB72CB73A2
:1040F000CB74CB75CB7EDDCB237EFDCB237ECB7FFC
:10410000CB78CB79CB7ACB7BCB7CCB7DCD3930DCFC
:104110003930FC3930D43930C43930F43930EC39E5
:1041200030E43930CC39303FBEDDBE23FDBE23BF85
:10413000B8B9BABBBCBDFE25EDA9ED89EDA1EDB1C5
:104140002F2735DD3523FD35233D050B0D151B1DB3
:10415000252BDD2BFD2B2D3BF310FEFBE3DDE3FDDB
:10416000E308EBD976ED46ED56ED5EED78DB25ED17
:1041700040ED48ED50ED58ED60ED6834DD3423FD41
:1041800034233C04030C14131C2423DD23FD232CB3
:1041900033EDAAEDBAEDA2EDB2E9DDE9FDE9C339EF
:1041A00030DA3930FA3930D23930C23930F2393078
:1041B000EA3930E23930CA3930380018FE30FC2094
:1041C000FA28F80212777071727374753625DD77EC
:1041D00023DD7023DD7123DD7223DD7323DD742382
:1041E000DD7523DD362325FD7723FD7023FD712347
:1041F000FD7223FD7323FD7423FD7523FD362325F6
:1042000032A05BED43A05BED53A05B22A05BDD22FF
:10421000A05BFD22A05BED73A05B0A1A7EDD7E230E
:10422000FD7E233AA05B7F78797A7B7CED577D3EDB
:1042300025ED5F46DD4623FD46234740414243448A
:10424000450625ED4BA05B01A05B4EDD4E23FD4EE8
:10425000234F48494A4B4C4D0E2556DD5623FD56FB
:1042600023575051525354551625ED5BA05B11A0B6
:104270005B5EDD5E23FD5E235F58595A5B5C5D1E0D
:104280002566DD6623FD66236760616263646526DB
:10429000252AA05B21A05BED47DD2AA05BDD21A0E4
:1042A0005BFD2AA05BFD21A05B6EDD6E23FD6E230E
:1042B0006F68696A6B6C6D2E25ED4FED7BA05BF925
:1042C000DDF9FDF931A05BEDA8EDB8EDA0EDB0EDA5
:1042D0004400B6DDB623FDB623B7B0B1B2B3B4B572
:1042E000F625EDBBEDB3ED79ED41ED49ED51ED591D
:1042F000ED61ED69D325EDABEDA3F1C1D1E1DDE1D8
:10430000FDE1F5C5D5E5DDE5FDE5CB86DDCB238615
:10431000FDCB2386CB87CB80CB81CB82CB83CB8459
:10432000CB85CB8EDDCB238EFDCB238ECB8FCB8865
:10433000CB89CB8ACB8BCB8CCB8DCB96DDCB23960D
:10434000FDCB2396CB97CB90CB91CB92CB93CB94B9
:10435000CB95CB9EDDCB239EFDCB239ECB9FCB98D5
:10436000CB99CB9ACB9BCB9CCB9DCBA6DDCB23A66D
:10437000FDCB23A6CBA7CBA0CBA1CBA2CBA3CBA419
:10438000CBA5CBAEDDCB23AEFDCB23AECBAFCBA845
:10439000CBA9CBAACBABCBACCBADCBB6DDCB23B6CD
:1043A000FDCB23B6CBB7CBB0CBB1CBB2CBB3CBB479
:1043B000CBB5CBBEDDCB23BEFDCB23BECBBFCBB8B5
:1043C000CBB9CBBACBBBCBBCCBBDC9D8F8D0C0F036
:1043D000E8E0C8ED4DED45CB16DDCB2316FDCB2334
:1043E00016CB17CB10CB11CB12CB13CB14CB15178D
:1043F000CB06DDCB2306FDCB2306CB07CB00CB01C1
:10440000CB02CB03CB04CB0507ED6FCB1EDDCB235B
:104410001EFDCB231ECB1FCB18CB19CB1ACB1BCB2E
:104420001CCB1D1FCB0EDDCB230EFDCB230ECB0FE4
:10443000CB08CB09CB0ACB0BCB0CCB0D0FED67C751
:10444000CFD7DFE7EFF7FF9EDD9E23FD9E239F98EA
:10445000999A9B9C9DDE25ED42ED52ED62ED7237FF
:10446000CBC6DDCB23C6FDCB23C6CBC7CBC0CBC1D0
:10447000CBC2CBC3CBC4CBC5CBCEDDCB23CEFDCB08
:1044800023CECBCFCBC8CBC9CBCACBCBCBCCCBCD20
:10449000CBD6DDCB23D6FDCB23D6CBD7CBD0CBD140
:1044A000CBD2CBD3CBD4CBD5CBDEDDCB23DEFDCB78
:1044B00023DECBDFCBD8CBD9CBDACBDBCBDCCBDD70
:1044C000CBE6DDCB23E6FDCB23E6CBE7CBE0CBE1B0
:1044D000CBE2CBE3CBE4CBE5CBEEDDCB23EEFDCBE8
:1044E00023EECBEFCBE8CBE9CBEACBEBCBECCBEDC0
:1044F000CBF6DDCB23F6FDCB23F6CBF7CBF0CBF120
:10450000CBF2CBF3CBF4CBF5CBFEDDCB23FEFDCB57
:1045100023FECBFFCBF8CBF9CBFACBFBCBFCCBFD0F
:10452000CB26DDCB2326FDCB2326CB27CB20CB21CF
:10453000CB22CB23CB24CB25CB2EDDCB232EFDCB07
:10454000232ECB2FCB28CB29CB2ACB2BCB2CCB2D5F
:10455000CB3EDDCB233EFDCB233ECB3FCB38CB390F
:10456000CB3ACB3BCB3CCB3D96DD9623FD962397B8
:10457000909192939495D625AEDDAE23FDAE23AFF8
:08458000A8A9AAABACADEE2521
:00000001FF
