S11320001FFC400000AD0FA003E80FA013880FA031
S9030000FC
