S1131000A90085B7205414D8A2FF9AA2C886B2209A
S11310107813204914C943D012A21FBD80159550DE
S1131020CA10F8A21B86DCA9CCD019C945D00E2061
S1131030C11138A901E5B785B7A9EED007C940D0D9
S11310400B20B51285FB85FA85F9D0BBC90DD006F6
S1131050205B124CFD10C941F0034CF6104C00FF0C
S1131060A6B5305CA5B0F008E008D004C5E6F02EC3
S1131070F6E3C901D002F6E3501EA00FA5B1D96072
S113108000F0038810F8B9B115D5E4900494E695FE
S1131090E4180875E595E528E004F003303160A50F
S11310A0E885DDA90085B5205B1220C111200F1150
S11310B020C111A90885B52018112041124C121322
S11310C0E0F9D00BA560C5B1D004A90085B4605087
S11310D0FDA007A5B1D96000F00588F0F110F6B9BC
S11310E0B115D5E2900295E2C6B5A9FBC5B5F003EA
S11310F0203512E6B560C908B012200213A21FB54C
S113110050C5FAF003CA10F786FB86B04C0710A24C
S113111010A90095DECA10FBA91085B0C6B0100155
S113112060202E12A4B0A20886B6C0081041C006E2
S1131130102EC004101FC001F009100E209D11D004
S1131140FBF0D920AB11D0FBF0D2A20486B620ABC1
S113115011D0FBF0C720AB11A5B6C904D0F7F0BC81
S1131160A21086B6209D11A5B6C908D0F7F0ADA28D
S11311700686B620D91150053003206010202E12A7
S1131180C6B6A5B6C905F0EB20D911708F308D20F5
S11311906010A5B129F0C920F0EE4C1C1120D91122
S11311A03003206010202E12C6B66020D9119002A0
S11311B050F93007082060102850F0202E12C6B6CF
S11311C060A20F38B460A977F5509560945038A99F
S11311D077F5509550CA10EB60A5B1A6B6187DA05E
S11311E01585B12988D042A5B1A220CA300ED550A8
S11311F0D0F9E0103033A97F69017001B8A5B5308A
S113120024C90810204808A9F985B585B4205B12C3
S113121020C111201811203E12286885B5A5B430CC
S11312200438A9FF6018A90060A9FF18B860A6B027
S1131230B55085B160205B1220C11120181120C166
S113124011BA86B3A6B29A6885B66885B0AA6895BD
S11312505068AA6885B195504C8012BA86B3A6B27C
S11312609AA5B148A8A21FD550F003CA10F9A9CC79
S113127095508A48A6B0B5509450488A48A5B648B7
S1131280BA86B2A6B39A60A6E4ECB115D004A9005C
S1131290F00AA6E3D006A6EED002A9FFA20486B502
S11312A0C5FA900CF00A85FAA5B085FBA5B185F9BD
S11312B0A92E4C6A14A6DC301CA5F9DDC115D01189
S11312C0CABDC11585FBCABDC11585F9CA86DCD066
S11312D01CA9FF85DCA20C86B586FAA21420111184
S11312E0A20486B5200F11A6FAE00F9012A6FBB552
S11312F05085FA86B0A5F985B1205B124C0710A978
S1131300FF60A20406F926FACAD0F905F985F98521
S1131310B16018A98065EB65EC65ED65E165DF38C2
S1131320E5F0E5F1E5E2E5E0E5DEE5EFE5E3B00271
S1131330A9004A18694065EC65ED38E5E44A186986
S11313409065DD65DD65DD65DD65E138E5E4E5E4F1
S1131350E5E5E5E5E5E0A6B1E033F016E034F012AA
S1131360E022F00EE025F00AA6B0F009B450C01057
S113137010031869024C8712201714203B142022F2
S113138014A00020E913A97C206A14A21F98D55048
S1131390F040CA10F898290185FC984A4A4A4A291B
S11313A0011865FC2901F003A92A2CA920206A143C
S11313B0206A14C8982908F0CDA97C206A14203426
S11313C01420171420E91318986908A8C080F02B7A
S11313D0D0B4A5B7F005BDE414D003BDD414206A7D
S11313E014BD0415206A14D0CA8A48A219A92D2054
S11313F06A14CAD0FA68AA20171460202214A5FB24
S1131400207714A920206A14A5FA207714A9202093
S11314106A14A5F9207714A90D206A14A90A206A70
S11314201460A200A920206A148A207714E8E00836
S1131430D0F2F0E398297020771460A200BD9B14C9
S1131440F006206A14E8D0F560A93F206A14205FF2
S113145014294F60A91F8D737FA90B8D727F60AD16
S1131460717F2908F0F9AD707F6048AD717F291054
S1131470F0F9688D707F60484A4A4A4A20801468AF
S1131480290F5AA8B98B147A4C6A14303132333488
S113149035363738394142434445464D6963726FA6
S11314A043686573732028632920313939362D3216
S11314B0303035205065746572204A656E6E696EF1
S11314C067732C207777772E62656E6C6F2E636F4F
S11314D06D0D0A0057575757575757575757575770
S11314E05757575742424242424242424242424284
S11314F042424242575757575757575757575757CC
S1131500575757574B51525242424E4E50505050DB
S1131510505050504B51525242424E4E50505050E7
S1081520505050500082
S1131580030400070205010610171116121514139F
S1131590737470777275717660676166626564638F
S11315A000F0FF0110110FEFF1DFE1EEF2120E1F58
S11315B0210B0A06060404040402020202020202C7
S11315C00299250B25010033250736340D34340EDA
S11015D052250D45350455220643330FCC3A
S9030000FC
